Archive member included because of file (symbol)

c:/program files (x86)/atmel/atmel toolchain/avr8 gcc/native/3.4.1056/avr8-gnu-toolchain/bin/../lib/gcc/avr/4.8.1/../../../../avr/lib/avr6\libm.a(addsf3.o)
                              FreeRTOS2560.o (__addsf3)
c:/program files (x86)/atmel/atmel toolchain/avr8 gcc/native/3.4.1056/avr8-gnu-toolchain/bin/../lib/gcc/avr/4.8.1/../../../../avr/lib/avr6\libm.a(addsf3x.o)
                              c:/program files (x86)/atmel/atmel toolchain/avr8 gcc/native/3.4.1056/avr8-gnu-toolchain/bin/../lib/gcc/avr/4.8.1/../../../../avr/lib/avr6\libm.a(addsf3.o) (__addsf3x)
c:/program files (x86)/atmel/atmel toolchain/avr8 gcc/native/3.4.1056/avr8-gnu-toolchain/bin/../lib/gcc/avr/4.8.1/../../../../avr/lib/avr6\libm.a(atan2.o)
                              FreeRTOS2560.o (atan2)
c:/program files (x86)/atmel/atmel toolchain/avr8 gcc/native/3.4.1056/avr8-gnu-toolchain/bin/../lib/gcc/avr/4.8.1/../../../../avr/lib/avr6\libm.a(atan.o)
                              c:/program files (x86)/atmel/atmel toolchain/avr8 gcc/native/3.4.1056/avr8-gnu-toolchain/bin/../lib/gcc/avr/4.8.1/../../../../avr/lib/avr6\libm.a(atan2.o) (atan)
c:/program files (x86)/atmel/atmel toolchain/avr8 gcc/native/3.4.1056/avr8-gnu-toolchain/bin/../lib/gcc/avr/4.8.1/../../../../avr/lib/avr6\libm.a(divsf3.o)
                              FreeRTOS2560.o (__divsf3)
c:/program files (x86)/atmel/atmel toolchain/avr8 gcc/native/3.4.1056/avr8-gnu-toolchain/bin/../lib/gcc/avr/4.8.1/../../../../avr/lib/avr6\libm.a(divsf3x.o)
                              c:/program files (x86)/atmel/atmel toolchain/avr8 gcc/native/3.4.1056/avr8-gnu-toolchain/bin/../lib/gcc/avr/4.8.1/../../../../avr/lib/avr6\libm.a(divsf3.o) (__divsf3x)
c:/program files (x86)/atmel/atmel toolchain/avr8 gcc/native/3.4.1056/avr8-gnu-toolchain/bin/../lib/gcc/avr/4.8.1/../../../../avr/lib/avr6\libm.a(fixsfsi.o)
                              FreeRTOS2560.o (__fixsfsi)
c:/program files (x86)/atmel/atmel toolchain/avr8 gcc/native/3.4.1056/avr8-gnu-toolchain/bin/../lib/gcc/avr/4.8.1/../../../../avr/lib/avr6\libm.a(fixunssfsi.o)
                              c:/program files (x86)/atmel/atmel toolchain/avr8 gcc/native/3.4.1056/avr8-gnu-toolchain/bin/../lib/gcc/avr/4.8.1/../../../../avr/lib/avr6\libm.a(fixsfsi.o) (__fixunssfsi)
c:/program files (x86)/atmel/atmel toolchain/avr8 gcc/native/3.4.1056/avr8-gnu-toolchain/bin/../lib/gcc/avr/4.8.1/../../../../avr/lib/avr6\libm.a(floatsisf.o)
                              FreeRTOS2560.o (__floatsisf)
c:/program files (x86)/atmel/atmel toolchain/avr8 gcc/native/3.4.1056/avr8-gnu-toolchain/bin/../lib/gcc/avr/4.8.1/../../../../avr/lib/avr6\libm.a(fp_inf.o)
                              c:/program files (x86)/atmel/atmel toolchain/avr8 gcc/native/3.4.1056/avr8-gnu-toolchain/bin/../lib/gcc/avr/4.8.1/../../../../avr/lib/avr6\libm.a(addsf3x.o) (__fp_inf)
c:/program files (x86)/atmel/atmel toolchain/avr8 gcc/native/3.4.1056/avr8-gnu-toolchain/bin/../lib/gcc/avr/4.8.1/../../../../avr/lib/avr6\libm.a(fp_nan.o)
                              c:/program files (x86)/atmel/atmel toolchain/avr8 gcc/native/3.4.1056/avr8-gnu-toolchain/bin/../lib/gcc/avr/4.8.1/../../../../avr/lib/avr6\libm.a(addsf3x.o) (__fp_nan)
c:/program files (x86)/atmel/atmel toolchain/avr8 gcc/native/3.4.1056/avr8-gnu-toolchain/bin/../lib/gcc/avr/4.8.1/../../../../avr/lib/avr6\libm.a(fp_powser.o)
                              c:/program files (x86)/atmel/atmel toolchain/avr8 gcc/native/3.4.1056/avr8-gnu-toolchain/bin/../lib/gcc/avr/4.8.1/../../../../avr/lib/avr6\libm.a(atan.o) (__fp_powser)
c:/program files (x86)/atmel/atmel toolchain/avr8 gcc/native/3.4.1056/avr8-gnu-toolchain/bin/../lib/gcc/avr/4.8.1/../../../../avr/lib/avr6\libm.a(fp_pscA.o)
                              c:/program files (x86)/atmel/atmel toolchain/avr8 gcc/native/3.4.1056/avr8-gnu-toolchain/bin/../lib/gcc/avr/4.8.1/../../../../avr/lib/avr6\libm.a(addsf3x.o) (__fp_pscA)
c:/program files (x86)/atmel/atmel toolchain/avr8 gcc/native/3.4.1056/avr8-gnu-toolchain/bin/../lib/gcc/avr/4.8.1/../../../../avr/lib/avr6\libm.a(fp_pscB.o)
                              c:/program files (x86)/atmel/atmel toolchain/avr8 gcc/native/3.4.1056/avr8-gnu-toolchain/bin/../lib/gcc/avr/4.8.1/../../../../avr/lib/avr6\libm.a(addsf3x.o) (__fp_pscB)
c:/program files (x86)/atmel/atmel toolchain/avr8 gcc/native/3.4.1056/avr8-gnu-toolchain/bin/../lib/gcc/avr/4.8.1/../../../../avr/lib/avr6\libm.a(fp_round.o)
                              c:/program files (x86)/atmel/atmel toolchain/avr8 gcc/native/3.4.1056/avr8-gnu-toolchain/bin/../lib/gcc/avr/4.8.1/../../../../avr/lib/avr6\libm.a(addsf3.o) (__fp_round)
c:/program files (x86)/atmel/atmel toolchain/avr8 gcc/native/3.4.1056/avr8-gnu-toolchain/bin/../lib/gcc/avr/4.8.1/../../../../avr/lib/avr6\libm.a(fp_split3.o)
[...]
Memory Configuration

Name             Origin             Length             Attributes
text             0x00000000         0x00100000         xr
data             0x00800200         0x0000fe00         rw !x
eeprom           0x00810000         0x00010000         rw !x
fuse             0x00820000         0x00000400         rw !x
lock             0x00830000         0x00000400         rw !x
signature        0x00840000         0x00000400         rw !x
user_signatures  0x00850000         0x00000400         rw !x
*default*        0x00000000         0xffffffff

Linker script and memory map

Address of section .data set to 0x800200
LOAD c:/program files (x86)/atmel/atmel toolchain/avr8 gcc/native/3.4.1056/avr8-gnu-toolchain/bin/../lib/gcc/avr/4.8.1/../../../../avr/lib/avr6/crtm2560.o
LOAD FreeRTOS2560.o
LOAD heap_1.o
LOAD HMC5883L.o
LOAD I2Cdev.o
LOAD list.o
LOAD MPU6050.o
LOAD port.o
LOAD queue.o
LOAD tasks.o
LOAD Wire.o
START GROUP
LOAD c:/program files (x86)/atmel/atmel toolchain/avr8 gcc/native/3.4.1056/avr8-gnu-toolchain/bin/../lib/gcc/avr/4.8.1/../../../../avr/lib/avr6\libm.a
LOAD ../../../../../../../../Lecture Notes/CG3002/firmware\libcppmegalib.a
LOAD ../../../I2C/I2C/Debug\libI2C.a
END GROUP
LOAD c:/program files (x86)/atmel/atmel toolchain/avr8 gcc/native/3.4.1056/avr8-gnu-toolchain/bin/../lib/gcc/avr/4.8.1/avr6\libgcc.a
LOAD c:/program files (x86)/atmel/atmel toolchain/avr8 gcc/native/3.4.1056/avr8-gnu-toolchain/bin/../lib/gcc/avr/4.8.1/../../../../avr/lib/avr6\libm.a
START GROUP
LOAD c:/program files (x86)/atmel/atmel toolchain/avr8 gcc/native/3.4.1056/avr8-gnu-toolchain/bin/../lib/gcc/avr/4.8.1/avr6\libgcc.a
LOAD c:/program files (x86)/atmel/atmel toolchain/avr8 gcc/native/3.4.1056/avr8-gnu-toolchain/bin/../lib/gcc/avr/4.8.1/../../../../avr/lib/avr6\libm.a
LOAD c:/program files (x86)/atmel/atmel toolchain/avr8 gcc/native/3.4.1056/avr8-gnu-toolchain/bin/../lib/gcc/avr/4.8.1/../../../../avr/lib/avr6\libc.a
END GROUP

.hash
 *(.hash)

.dynsym
 *(.dynsym)

.dynstr
 *(.dynstr)

.gnu.version
 *(.gnu.version)

.gnu.version_d
 *(.gnu.version_d)

.gnu.version_r
 *(.gnu.version_r)

.rel.init
 *(.rel.init)

.rela.init
 *(.rela.init)

.rel.text
 *(.rel.text)
 *(.rel.text.*)
 *(.rel.gnu.linkonce.t*)

.rela.text
 *(.rela.text)
 *(.rela.text.*)
 *(.rela.gnu.linkonce.t*)

.rel.fini
 *(.rel.fini)

.rela.fini
 *(.rela.fini)

.rel.rodata
 *(.rel.rodata)
 *(.rel.rodata.*)
 *(.rel.gnu.linkonce.r*)

.rela.rodata
 *(.rela.rodata)
 *(.rela.rodata.*)
 *(.rela.gnu.linkonce.r*)

.rel.data
 *(.rel.data)
 *(.rel.data.*)
 *(.rel.gnu.linkonce.d*)

.rela.data
 *(.rela.data)
 *(.rela.data.*)
 *(.rela.gnu.linkonce.d*)

.rel.ctors
 *(.rel.ctors)

.rela.ctors
 *(.rela.ctors)

.rel.dtors
 *(.rel.dtors)

.rela.dtors
 *(.rela.dtors)

.rel.got
 *(.rel.got)

.rela.got
 *(.rela.got)

.rel.bss
 *(.rel.bss)

.rela.bss
 *(.rela.bss)

.rel.plt
 *(.rel.plt)

.rela.plt
 *(.rela.plt)

.text           0x00000000     0x317c
 *(.vectors)
 .vectors       0x00000000       0xe4 c:/program files (x86)/atmel/atmel toolchain/avr8 gcc/native/3.4.1056/avr8-gnu-toolchain/bin/../lib/gcc/avr/4.8.1/../../../../avr/lib/avr6/crtm2560.o
                0x00000000                __vector_default
                0x00000000                __vectors
 *(.vectors)
 *(.progmem.gcc*)
 .progmem.gcc_sw_table.__vector_39
                0x000000e4      0x192 ../../../I2C/I2C/Debug\libI2C.a(twi.o)
                0x00000276                . = ALIGN (0x2)
                0x00000276                __trampolines_start = .
 *(.trampolines)
 .trampolines   0x00000276        0x0 linker stubs
 *(.trampolines*)
                0x00000276                __trampolines_end = .
 *(.progmem*)
 .progmem.data.digital_pin_to_timer_PGM
                0x00000276       0x46 ../../../../../../../../Lecture Notes/CG3002/firmware\libcppmegalib.a(wiring_digital.o)
                0x00000276                digital_pin_to_timer_PGM
 .progmem.data.digital_pin_to_bit_mask_PGM
                0x000002bc       0x46 ../../../../../../../../Lecture Notes/CG3002/firmware\libcppmegalib.a(wiring_digital.o)
                0x000002bc                digital_pin_to_bit_mask_PGM
 .progmem.data.digital_pin_to_port_PGM
                0x00000302       0x46 ../../../../../../../../Lecture Notes/CG3002/firmware\libcppmegalib.a(wiring_digital.o)
                0x00000302                digital_pin_to_port_PGM
 .progmem.data.port_to_input_PGM
                0x00000348       0x1a ../../../../../../../../Lecture Notes/CG3002/firmware\libcppmegalib.a(wiring_digital.o)
                0x00000348                port_to_input_PGM
 .progmem.data.port_to_output_PGM
                0x00000362       0x1a ../../../../../../../../Lecture Notes/CG3002/firmware\libcppmegalib.a(wiring_digital.o)
                0x00000362                port_to_output_PGM
 .progmem.data.port_to_mode_PGM
                0x0000037c       0x1a ../../../../../../../../Lecture Notes/CG3002/firmware\libcppmegalib.a(wiring_digital.o)
                0x0000037c                port_to_mode_PGM
                0x00000396                . = ALIGN (0x2)
 *(.jumptables)
 *(.jumptables*)
 *(.lowtext)
 *(.lowtext*)
                0x00000396                __ctors_start = .
 *(.ctors)
 .ctors         0x00000396        0x2 FreeRTOS2560.o
 .ctors         0x00000398        0x2 Wire.o
 .ctors         0x0000039a        0x2 ../../../../../../../../Lecture Notes/CG3002/firmware\libcppmegalib.a(HardwareSerial.o)
                0x0000039c                __ctors_end = .
                0x0000039c                __dtors_start = .
 *(.dtors)
                0x0000039c                __dtors_end = .
 SORT(*)(.ctors)
 SORT(*)(.dtors)
 *(.init0)
 .init0         0x0000039c        0x0 c:/program files (x86)/atmel/atmel toolchain/avr8 gcc/native/3.4.1056/avr8-gnu-toolchain/bin/../lib/gcc/avr/4.8.1/../../../../avr/lib/avr6/crtm2560.o
                0x0000039c                __init
 *(.init0)
 *(.init1)
 *(.init1)
 *(.init2)
 .init2         0x0000039c       0x10 c:/program files (x86)/atmel/atmel toolchain/avr8 gcc/native/3.4.1056/avr8-gnu-toolchain/bin/../lib/gcc/avr/4.8.1/../../../../avr/lib/avr6/crtm2560.o
 *(.init2)
 *(.init3)
 *(.init3)
 *(.init4)
 .init4         0x000003ac       0x1a c:/program files (x86)/atmel/atmel toolchain/avr8 gcc/native/3.4.1056/avr8-gnu-toolchain/bin/../lib/gcc/avr/4.8.1/avr6\libgcc.a(_copy_data.o)
                0x000003ac                __do_copy_data
 .init4         0x000003c6       0x10 c:/program files (x86)/atmel/atmel toolchain/avr8 gcc/native/3.4.1056/avr8-gnu-toolchain/bin/../lib/gcc/avr/4.8.1/avr6\libgcc.a(_clear_bss.o)
                0x000003c6                __do_clear_bss
 *(.init4)
 *(.init5)
 *(.init5)
 *(.init6)
 .init6         0x000003d6       0x20 c:/program files (x86)/atmel/atmel toolchain/avr8 gcc/native/3.4.1056/avr8-gnu-toolchain/bin/../lib/gcc/avr/4.8.1/avr6\libgcc.a(_ctors.o)
                0x000003d6                __do_global_ctors
 *(.init6)
 *(.init7)
 *(.init7)
 *(.init8)
 *(.init8)
 *(.init9)
 .init9         0x000003f6        0x6 c:/program files (x86)/atmel/atmel toolchain/avr8 gcc/native/3.4.1056/avr8-gnu-toolchain/bin/../lib/gcc/avr/4.8.1/../../../../avr/lib/avr6/crtm2560.o
 *(.init9)
 *(.text)
 .text          0x000003fc        0x2 c:/program files (x86)/atmel/atmel toolchain/avr8 gcc/native/3.4.1056/avr8-gnu-toolchain/bin/../lib/gcc/avr/4.8.1/../../../../avr/lib/avr6/crtm2560.o
                0x000003fc                __vector_38
                0x000003fc                __vector_22
                0x000003fc                __vector_28
                0x000003fc                __vector_1
                0x000003fc                __vector_32
                0x000003fc                __vector_34
                0x000003fc                __vector_24
                0x000003fc                __vector_12
                0x000003fc                __vector_46
                0x000003fc                __bad_interrupt
                0x000003fc                __vector_6
                0x000003fc                __vector_31
                0x000003fc                __vector_35
                0x000003fc                __vector_3
                0x000003fc                __vector_30
                0x000003fc                __vector_45
                0x000003fc                __vector_11
                0x000003fc                __vector_17
                0x000003fc                __vector_19
                0x000003fc                __vector_56
                0x000003fc                __vector_7
                0x000003fc                __vector_49
                0x000003fc                __vector_41
                0x000003fc                __vector_43
                0x000003fc                __vector_27
                0x000003fc                __vector_5
                0x000003fc                __vector_33
                0x000003fc                __vector_47
                0x000003fc                __vector_4
                0x000003fc                __vector_44
                0x000003fc                __vector_9
                0x000003fc                __vector_2
                0x000003fc                __vector_21
                0x000003fc                __vector_15
                0x000003fc                __vector_29
                0x000003fc                __vector_40
                0x000003fc                __vector_8
                0x000003fc                __vector_48
                0x000003fc                __vector_14
                0x000003fc                __vector_53
                0x000003fc                __vector_10
                0x000003fc                __vector_50
                0x000003fc                __vector_16
                0x000003fc                __vector_18
                0x000003fc                __vector_20
                0x000003fc                __vector_42
                0x000003fe                . = ALIGN (0x2)
 *(.text.*)
 .text._Z5task2Pv
                0x000003fe       0xf4 FreeRTOS2560.o
                0x000003fe                _Z5task2Pv
 .text._Z5task3Pv
                0x000004f2       0xe0 FreeRTOS2560.o
                0x000004f2                _Z5task3Pv
 .text.setup    0x000005d2       0xa8 FreeRTOS2560.o
                0x000005d2                setup
 .text.startup.main
                0x0000067a       0x96 FreeRTOS2560.o
                0x0000067a                main
 .text.startup._GLOBAL__sub_I_accelgyro
                0x00000710        0xc FreeRTOS2560.o
 .text.pvPortMalloc
                0x0000071c       0x66 heap_1.o
                0x0000071c                pvPortMalloc
 .text.vPortFree
                0x00000782        0x2 heap_1.o
                0x00000782                vPortFree
 .text._ZN8HMC5883LC2Ev
                0x00000784        0x8 HMC5883L.o
                0x00000784                _ZN8HMC5883LC1Ev
                0x00000784                _ZN8HMC5883LC2Ev
 .text._ZN8HMC5883L14testConnectionEv
                0x0000078c       0x44 HMC5883L.o
                0x0000078c                _ZN8HMC5883L14testConnectionEv
 .text._ZN8HMC5883L7setGainEh
                0x000007d0       0x10 HMC5883L.o
                0x000007d0                _ZN8HMC5883L7setGainEh
 .text._ZN8HMC5883L7setModeEh
                0x000007e0       0x1c HMC5883L.o
                0x000007e0                _ZN8HMC5883L7setModeEh
 .text._ZN8HMC5883L10initializeEv
                0x000007fc       0x1e HMC5883L.o
                0x000007fc                _ZN8HMC5883L10initializeEv
 .text._ZN6I2Cdev10writeBytesEhhhPh
                0x0000081a       0x6e I2Cdev.o
                0x0000081a                _ZN6I2Cdev10writeBytesEhhhPh
 .text._ZN6I2Cdev9writeByteEhhh
                0x00000888       0x1e I2Cdev.o
                0x00000888                _ZN6I2Cdev9writeByteEhhh
 .text._ZN6I2Cdev9readBytesEhhhPhj
                0x000008a6      0x156 I2Cdev.o
                0x000008a6                _ZN6I2Cdev9readBytesEhhhPhj
 .text._ZN6I2Cdev8readByteEhhPhj
                0x000009fc       0x12 I2Cdev.o
                0x000009fc                _ZN6I2Cdev8readByteEhhPhj
 .text._ZN6I2Cdev8readBitsEhhhhPhj
                0x00000a0e       0x78 I2Cdev.o
                0x00000a0e                _ZN6I2Cdev8readBitsEhhhhPhj
 .text._ZN6I2Cdev8writeBitEhhhh
                0x00000a86       0x62 I2Cdev.o
                0x00000a86                _ZN6I2Cdev8writeBitEhhhh
 .text._ZN6I2Cdev9writeBitsEhhhhh
                0x00000ae8       0x88 I2Cdev.o
                0x00000ae8                _ZN6I2Cdev9writeBitsEhhhhh
 .text.vListInitialise
                0x00000b70       0x1c list.o
                0x00000b70                vListInitialise
 .text.vListInitialiseItem
                0x00000b8c        0x8 list.o
                0x00000b8c                vListInitialiseItem
 .text.vListInsertEnd
                0x00000b94       0x42 list.o
                0x00000b94                vListInsertEnd
 .text.vListInsert
                0x00000bd6       0x62 list.o
                0x00000bd6                vListInsert
 .text.uxListRemove
                0x00000c38       0x4c list.o
                0x00000c38                uxListRemove
 .text._ZN7MPU6050C2Ev
                0x00000c84        0x8 MPU6050.o
                0x00000c84                _ZN7MPU6050C2Ev
                0x00000c84                _ZN7MPU6050C1Ev
 .text._ZN7MPU605021setFullScaleGyroRangeEh
                0x00000c8c       0x14 MPU6050.o
                0x00000c8c                _ZN7MPU605021setFullScaleGyroRangeEh
 .text._ZN7MPU605022setFullScaleAccelRangeEh
                0x00000ca0       0x14 MPU6050.o
                0x00000ca0                _ZN7MPU605022setFullScaleAccelRangeEh
 .text._ZN7MPU605019setI2CBypassEnabledEb
                0x00000cb4        0xc MPU6050.o
                0x00000cb4                _ZN7MPU605019setI2CBypassEnabledEb
 .text._ZN7MPU605010getMotion6EPiS0_S0_S0_S0_S0_
                0x00000cc0       0xce MPU6050.o
                0x00000cc0                _ZN7MPU605010getMotion6EPiS0_S0_S0_S0_S0_
 .text._ZN7MPU605015setSleepEnabledEb
                0x00000d8e        0xc MPU6050.o
                0x00000d8e                _ZN7MPU605015setSleepEnabledEb
 .text._ZN7MPU605014setClockSourceEh
                0x00000d9a       0x14 MPU6050.o
                0x00000d9a                _ZN7MPU605014setClockSourceEh
 .text._ZN7MPU605010initializeEv
                0x00000dae       0x20 MPU6050.o
                0x00000dae                _ZN7MPU605010initializeEv
 .text._ZN7MPU605011getDeviceIDEv
                0x00000dce       0x36 MPU6050.o
                0x00000dce                _ZN7MPU605011getDeviceIDEv
 .text._ZN7MPU605014testConnectionEv
                0x00000e04        0xe MPU6050.o
                0x00000e04                _ZN7MPU605014testConnectionEv
 .text.pxPortInitialiseStack
                0x00000e12       0xe4 port.o
                0x00000e12                pxPortInitialiseStack
 .text.xPortStartScheduler
                0x00000ef6       0x7c port.o
                0x00000ef6                xPortStartScheduler
 .text.vPortYield
                0x00000f72       0xc0 port.o
                0x00000f72                vPortYield
 .text.vPortYieldFromTick
                0x00001032       0xc4 port.o
                0x00001032                vPortYieldFromTick
 .text.__vector_13
                0x000010f6        0x4 port.o
                0x000010f6                __vector_13
 .text.prvResetNextTaskUnblockTime
                0x000010fa       0x3e tasks.o
 .text.prvAddCurrentTaskToDelayedList
                0x00001138       0x6a tasks.o
 .text.xTaskGenericCreate
                0x000011a2      0x1f4 tasks.o
                0x000011a2                xTaskGenericCreate
 .text.vTaskStartScheduler
                0x00001396       0x52 tasks.o
                0x00001396                vTaskStartScheduler
 .text.vTaskSuspendAll
                0x000013e8        0xc tasks.o
                0x000013e8                vTaskSuspendAll
 .text.xTaskIncrementTick
                0x000013f4      0x176 tasks.o
                0x000013f4                xTaskIncrementTick
 .text.xTaskResumeAll
                0x0000156a       0xfc tasks.o
                0x0000156a                xTaskResumeAll
 .text.vTaskDelay
                0x00001666       0x36 tasks.o
                0x00001666                vTaskDelay
 .text.prvIdleTask
                0x0000169c       0x6c tasks.o
 .text.vTaskSwitchContext
                0x00001708       0xbc tasks.o
                0x00001708                vTaskSwitchContext
 .text._ZN7TwoWire9availableEv
                0x000017c4       0x10 Wire.o
                0x000017c4                _ZN7TwoWire9availableEv
 .text._ZN7TwoWire4readEv
                0x000017d4       0x26 Wire.o
                0x000017d4                _ZN7TwoWire4readEv
 .text._ZN7TwoWire4peekEv
                0x000017fa       0x1e Wire.o
                0x000017fa                _ZN7TwoWire4peekEv
 .text._ZN7TwoWire5flushEv
                0x00001818        0x2 Wire.o
                0x00001818                _ZN7TwoWire5flushEv
 .text._ZN7TwoWire5writeEPKhj
                0x0000181a       0x5a Wire.o
                0x0000181a                _ZN7TwoWire5writeEPKhj
 .text._ZN7TwoWire5writeEh
                0x00001874       0x5e Wire.o
                0x00001874                _ZN7TwoWire5writeEh
 .text._ZN7TwoWireC2Ev
                0x000018d2       0x20 Wire.o
                0x000018d2                _ZN7TwoWireC1Ev
                0x000018d2                _ZN7TwoWireC2Ev
 .text._ZN7TwoWire5beginEv
                0x000018f2       0x14 Wire.o
                0x000018f2                _ZN7TwoWire5beginEv
 .text._ZN7TwoWire11requestFromEhhh
                0x00001906       0x1a Wire.o
                0x00001906                _ZN7TwoWire11requestFromEhhh
 .text._ZN7TwoWire11requestFromEhh
                0x00001920        0x4 Wire.o
                0x00001920                _ZN7TwoWire11requestFromEhh
 .text._ZN7TwoWire17beginTransmissionEh
                0x00001924       0x14 Wire.o
                0x00001924                _ZN7TwoWire17beginTransmissionEh
 .text._ZN7TwoWire15endTransmissionEh
                0x00001938       0x26 Wire.o
                0x00001938                _ZN7TwoWire15endTransmissionEh
 .text._ZN7TwoWire15endTransmissionEv
                0x0000195e        0x4 Wire.o
                0x0000195e                _ZN7TwoWire15endTransmissionEv
 .text.startup._GLOBAL__sub_I__ZN7TwoWire8rxBufferE
                0x00001962        0x6 Wire.o
 .text.avr-libc.fplib
                0x00001968        0x4 c:/program files (x86)/atmel/atmel toolchain/avr8 gcc/native/3.4.1056/avr8-gnu-toolchain/bin/../lib/gcc/avr/4.8.1/../../../../avr/lib/avr6\libm.a(divsf3.o)
                0x00001968                __divsf3
 .text.avr-libc.fplib
                0x0000196c       0xcc c:/program files (x86)/atmel/atmel toolchain/avr8 gcc/native/3.4.1056/avr8-gnu-toolchain/bin/../lib/gcc/avr/4.8.1/../../../../avr/lib/avr6\libm.a(divsf3x.o)
                0x00001982                __divsf3x
                0x00001986                __divsf3_pse
 .text.avr-libc.fplib
                0x00001a38        0xa c:/program files (x86)/atmel/atmel toolchain/avr8 gcc/native/3.4.1056/avr8-gnu-toolchain/bin/../lib/gcc/avr/4.8.1/../../../../avr/lib/avr6\libm.a(fixsfsi.o)
                0x00001a38                __fixsfsi
 .text.avr-libc.fplib
                0x00001a42       0x58 c:/program files (x86)/atmel/atmel toolchain/avr8 gcc/native/3.4.1056/avr8-gnu-toolchain/bin/../lib/gcc/avr/4.8.1/../../../../avr/lib/avr6\libm.a(fixunssfsi.o)
                0x00001a42                __fixunssfsi
 .text.avr-libc.fplib
                0x00001a9a       0x7a c:/program files (x86)/atmel/atmel toolchain/avr8 gcc/native/3.4.1056/avr8-gnu-toolchain/bin/../lib/gcc/avr/4.8.1/../../../../avr/lib/avr6\libm.a(floatsisf.o)
                0x00001a9a                __floatunsisf
                0x00001a9e                __floatsisf
 .text.avr-libc.fplib
                0x00001b14        0xc c:/program files (x86)/atmel/atmel toolchain/avr8 gcc/native/3.4.1056/avr8-gnu-toolchain/bin/../lib/gcc/avr/4.8.1/../../../../avr/lib/avr6\libm.a(fp_inf.o)
                0x00001b14                __fp_inf
 .text.avr-libc.fplib
                0x00001b20        0x6 c:/program files (x86)/atmel/atmel toolchain/avr8 gcc/native/3.4.1056/avr8-gnu-toolchain/bin/../lib/gcc/avr/4.8.1/../../../../avr/lib/avr6\libm.a(fp_nan.o)
                0x00001b20                __fp_nan
 .text.avr-libc.fplib
                0x00001b26        0xe c:/program files (x86)/atmel/atmel toolchain/avr8 gcc/native/3.4.1056/avr8-gnu-toolchain/bin/../lib/gcc/avr/4.8.1/../../../../avr/lib/avr6\libm.a(fp_pscA.o)
                0x00001b26                __fp_pscA
 .text.avr-libc.fplib
                0x00001b34        0xe c:/program files (x86)/atmel/atmel toolchain/avr8 gcc/native/3.4.1056/avr8-gnu-toolchain/bin/../lib/gcc/avr/4.8.1/../../../../avr/lib/avr6\libm.a(fp_pscB.o)
                0x00001b34                __fp_pscB
 .text.avr-libc.fplib
                0x00001b42       0x22 c:/program files (x86)/atmel/atmel toolchain/avr8 gcc/native/3.4.1056/avr8-gnu-toolchain/bin/../lib/gcc/avr/4.8.1/../../../../avr/lib/avr6\libm.a(fp_round.o)
                0x00001b42                __fp_round
 .text.avr-libc.fplib
                0x00001b64       0x44 c:/program files (x86)/atmel/atmel toolchain/avr8 gcc/native/3.4.1056/avr8-gnu-toolchain/bin/../lib/gcc/avr/4.8.1/../../../../avr/lib/avr6\libm.a(fp_split3.o)
                0x00001b64                __fp_split3
                0x00001b74                __fp_splitA
 .text.avr-libc.fplib
                0x00001ba8        0xe c:/program files (x86)/atmel/atmel toolchain/avr8 gcc/native/3.4.1056/avr8-gnu-toolchain/bin/../lib/gcc/avr/4.8.1/../../../../avr/lib/avr6\libm.a(fp_zero.o)
                0x00001ba8                __fp_zero
                0x00001baa                __fp_szero
 .text._ZN14HardwareSerial9availableEv
                0x00001bb6       0x28 ../../../../../../../../Lecture Notes/CG3002/firmware\libcppmegalib.a(HardwareSerial.o)
                0x00001bb6                _ZN14HardwareSerial9availableEv
 .text._ZN14HardwareSerial4peekEv
                0x00001bde       0x40 ../../../../../../../../Lecture Notes/CG3002/firmware\libcppmegalib.a(HardwareSerial.o)
                0x00001bde                _ZN14HardwareSerial4peekEv
 .text._ZN14HardwareSerial4readEv
                0x00001c1e       0x4e ../../../../../../../../Lecture Notes/CG3002/firmware\libcppmegalib.a(HardwareSerial.o)
                0x00001c1e                _ZN14HardwareSerial4readEv
 .text._ZN14HardwareSerial5flushEv
                0x00001c6c       0x16 ../../../../../../../../Lecture Notes/CG3002/firmware\libcppmegalib.a(HardwareSerial.o)
                0x00001c6c                _ZN14HardwareSerial5flushEv
 .text._ZN14HardwareSerial5writeEh
                0x00001c82       0x8e ../../../../../../../../Lecture Notes/CG3002/firmware\libcppmegalib.a(HardwareSerial.o)
                0x00001c82                _ZN14HardwareSerial5writeEh
 .text.__vector_25
                0x00001d10       0x80 ../../../../../../../../Lecture Notes/CG3002/firmware\libcppmegalib.a(HardwareSerial.o)
                0x00001d10                __vector_25
 .text.__vector_36
                0x00001d90       0x80 ../../../../../../../../Lecture Notes/CG3002/firmware\libcppmegalib.a(HardwareSerial.o)
                0x00001d90                __vector_36
 .text.__vector_51
                0x00001e10       0x80 ../../../../../../../../Lecture Notes/CG3002/firmware\libcppmegalib.a(HardwareSerial.o)
                0x00001e10                __vector_51
 .text.__vector_54
                0x00001e90       0x80 ../../../../../../../../Lecture Notes/CG3002/firmware\libcppmegalib.a(HardwareSerial.o)
                0x00001e90                __vector_54
 .text.__vector_26
                0x00001f10       0x7e ../../../../../../../../Lecture Notes/CG3002/firmware\libcppmegalib.a(HardwareSerial.o)
                0x00001f10                __vector_26
 .text.__vector_37
                0x00001f8e       0x7e ../../../../../../../../Lecture Notes/CG3002/firmware\libcppmegalib.a(HardwareSerial.o)
                0x00001f8e                __vector_37
 .text.__vector_52
                0x0000200c       0x7e ../../../../../../../../Lecture Notes/CG3002/firmware\libcppmegalib.a(HardwareSerial.o)
                0x0000200c                __vector_52
 .text.__vector_55
                0x0000208a       0x7e ../../../../../../../../Lecture Notes/CG3002/firmware\libcppmegalib.a(HardwareSerial.o)
                0x0000208a                __vector_55
 .text._ZN14HardwareSerialC2EP11ring_bufferS1_PVhS3_S3_S3_S3_S3_hhhhh
                0x00002108       0x88 ../../../../../../../../Lecture Notes/CG3002/firmware\libcppmegalib.a(HardwareSerial.o)
                0x00002108                _ZN14HardwareSerialC2EP11ring_bufferS1_PVhS3_S3_S3_S3_S3_hhhhh
                0x00002108                _ZN14HardwareSerialC1EP11ring_bufferS1_PVhS3_S3_S3_S3_S3_hhhhh
 .text._ZN14HardwareSerial5beginEm
                0x00002190      0x106 ../../../../../../../../Lecture Notes/CG3002/firmware\libcppmegalib.a(HardwareSerial.o)
                0x00002190                _ZN14HardwareSerial5beginEm
 .text._GLOBAL__sub_I_rx_buffer
                0x00002296      0x18e ../../../../../../../../Lecture Notes/CG3002/firmware\libcppmegalib.a(HardwareSerial.o)
 .text._ZN5Print5writeEPKhj
                0x00002424       0x58 ../../../../../../../../Lecture Notes/CG3002/firmware\libcppmegalib.a(Print.o)
                0x00002424                _ZN5Print5writeEPKhj
 .text._ZN5Print5printEPKc
                0x0000247c       0x36 ../../../../../../../../Lecture Notes/CG3002/firmware\libcppmegalib.a(Print.o)
                0x0000247c                _ZN5Print5printEPKc
 .text._ZN5Print5printEc
                0x000024b2       0x10 ../../../../../../../../Lecture Notes/CG3002/firmware\libcppmegalib.a(Print.o)
                0x000024b2                _ZN5Print5printEc
 .text._ZN5Print7printlnEv
                0x000024c2       0x2a ../../../../../../../../Lecture Notes/CG3002/firmware\libcppmegalib.a(Print.o)
                0x000024c2                _ZN5Print7printlnEv
 .text._ZN5Print7printlnEPKc
                0x000024ec       0x26 ../../../../../../../../Lecture Notes/CG3002/firmware\libcppmegalib.a(Print.o)
                0x000024ec                _ZN5Print7printlnEPKc
 .text._ZN5Print11printNumberEmh
                0x00002512       0xee ../../../../../../../../Lecture Notes/CG3002/firmware\libcppmegalib.a(Print.o)
                0x00002512                _ZN5Print11printNumberEmh
 .text._ZN5Print5printEli
                0x00002600       0x7a ../../../../../../../../Lecture Notes/CG3002/firmware\libcppmegalib.a(Print.o)
                0x00002600                _ZN5Print5printEli
 .text._ZN5Print7printlnEli
                0x0000267a       0x26 ../../../../../../../../Lecture Notes/CG3002/firmware\libcppmegalib.a(Print.o)
                0x0000267a                _ZN5Print7printlnEli
 .text._ZN5Print5printEii
                0x000026a0       0x10 ../../../../../../../../Lecture Notes/CG3002/firmware\libcppmegalib.a(Print.o)
                0x000026a0                _ZN5Print5printEii
 .text._ZN5Print7printlnEii
                0x000026b0       0x26 ../../../../../../../../Lecture Notes/CG3002/firmware\libcppmegalib.a(Print.o)
                0x000026b0                _ZN5Print7printlnEii
 .text.__vector_23
                0x000026d6       0x94 ../../../../../../../../Lecture Notes/CG3002/firmware\libcppmegalib.a(wiring.o)
                0x000026d6                __vector_23
 .text.millis   0x0000276a       0x28 ../../../../../../../../Lecture Notes/CG3002/firmware\libcppmegalib.a(wiring.o)
                0x0000276a                millis
 .text.micros   0x00002792       0x5a ../../../../../../../../Lecture Notes/CG3002/firmware\libcppmegalib.a(wiring.o)
                0x00002792                micros
 .text.delay    0x000027ec       0x50 ../../../../../../../../Lecture Notes/CG3002/firmware\libcppmegalib.a(wiring.o)
                0x000027ec                delay
 .text.delayMicroseconds
                0x0000283c       0x14 ../../../../../../../../Lecture Notes/CG3002/firmware\libcppmegalib.a(wiring.o)
                0x0000283c                delayMicroseconds
 .text.init     0x00002850       0xc4 ../../../../../../../../Lecture Notes/CG3002/firmware\libcppmegalib.a(wiring.o)
                0x00002850                init
 .text.turnOffPWM
                0x00002914       0xfe ../../../../../../../../Lecture Notes/CG3002/firmware\libcppmegalib.a(wiring_digital.o)
 .text.pinMode  0x00002a12       0x84 ../../../../../../../../Lecture Notes/CG3002/firmware\libcppmegalib.a(wiring_digital.o)
                0x00002a12                pinMode
 .text.digitalWrite
                0x00002a96       0x64 ../../../../../../../../Lecture Notes/CG3002/firmware\libcppmegalib.a(wiring_digital.o)
                0x00002a96                digitalWrite
 .text.pulseIn  0x00002afa      0x1ca ../../../../../../../../Lecture Notes/CG3002/firmware\libcppmegalib.a(wiring_pulse.o)
                0x00002afa                pulseIn
 .text.twi_init
                0x00002cc4       0x38 ../../../I2C/I2C/Debug\libI2C.a(twi.o)
                0x00002cc4                twi_init
 .text.twi_readFrom
                0x00002cfc       0x9c ../../../I2C/I2C/Debug\libI2C.a(twi.o)
                0x00002cfc                twi_readFrom
 .text.twi_writeTo
                0x00002d98       0xba ../../../I2C/I2C/Debug\libI2C.a(twi.o)
                0x00002d98                twi_writeTo
 .text.twi_transmit
                0x00002e52       0x3e ../../../I2C/I2C/Debug\libI2C.a(twi.o)
                0x00002e52                twi_transmit
 .text.twi_stop
                0x00002e90       0x16 ../../../I2C/I2C/Debug\libI2C.a(twi.o)
                0x00002e90                twi_stop
 .text.twi_releaseBus
                0x00002ea6        0xc ../../../I2C/I2C/Debug\libI2C.a(twi.o)
                0x00002ea6                twi_releaseBus
 .text.__vector_39
                0x00002eb2      0x236 ../../../I2C/I2C/Debug\libI2C.a(twi.o)
                0x00002eb2                __vector_39
 .text.libgcc.div
                0x000030e8       0x44 c:/program files (x86)/atmel/atmel toolchain/avr8 gcc/native/3.4.1056/avr8-gnu-toolchain/bin/../lib/gcc/avr/4.8.1/avr6\libgcc.a(_udivmodsi4.o)
                0x000030e8                __udivmodsi4
 .text.libgcc.div
                0x0000312c       0x28 c:/program files (x86)/atmel/atmel toolchain/avr8 gcc/native/3.4.1056/avr8-gnu-toolchain/bin/../lib/gcc/avr/4.8.1/avr6\libgcc.a(_divmodsi4.o)
                0x0000312c                __divmodsi4
 .text.libgcc.div
                0x00003154       0x10 c:/program files (x86)/atmel/atmel toolchain/avr8 gcc/native/3.4.1056/avr8-gnu-toolchain/bin/../lib/gcc/avr/4.8.1/avr6\libgcc.a(_negsi2.o)
                0x00003154                __negsi2
 .text.libgcc   0x00003164        0xc c:/program files (x86)/atmel/atmel toolchain/avr8 gcc/native/3.4.1056/avr8-gnu-toolchain/bin/../lib/gcc/avr/4.8.1/avr6\libgcc.a(_tablejump.o)
                0x00003164                __tablejump2__
                0x00003168                __tablejump__
 .text.libgcc   0x00003170        0x8 c:/program files (x86)/atmel/atmel toolchain/avr8 gcc/native/3.4.1056/avr8-gnu-toolchain/bin/../lib/gcc/avr/4.8.1/avr6\libgcc.a(_tablejump_elpm.o)
                0x00003170                __tablejump_elpm__
                0x00003178                . = ALIGN (0x2)
 *(.fini9)
 .fini9         0x00003178        0x0 c:/program files (x86)/atmel/atmel toolchain/avr8 gcc/native/3.4.1056/avr8-gnu-toolchain/bin/../lib/gcc/avr/4.8.1/avr6\libgcc.a(_exit.o)
                0x00003178                _exit
                0x00003178                exit
 *(.fini9)
 *(.fini8)
 *(.fini8)
 *(.fini7)
 *(.fini7)
 *(.fini6)
 *(.fini6)
 *(.fini5)
 *(.fini5)
 *(.fini4)
 *(.fini4)
 *(.fini3)
 *(.fini3)
 *(.fini2)
 *(.fini2)
 *(.fini1)
 *(.fini1)
 *(.fini0)
 .fini0         0x00003178        0x4 c:/program files (x86)/atmel/atmel toolchain/avr8 gcc/native/3.4.1056/avr8-gnu-toolchain/bin/../lib/gcc/avr/4.8.1/avr6\libgcc.a(_exit.o)
 *(.fini0)
                0x0000317c                _etext = .

.data           0x00800200      0x12a load address 0x0000317c
                0x00800200                PROVIDE (__data_start, .)
 *(.data)
 .data          0x00800200        0x0 c:/program files (x86)/atmel/atmel toolchain/avr8 gcc/native/3.4.1056/avr8-gnu-toolchain/bin/../lib/gcc/avr/4.8.1/../../../../avr/lib/avr6/crtm2560.o
 .data          0x00800200        0x0 FreeRTOS2560.o
 .data          0x00800200        0x0 heap_1.o
 .data          0x00800200        0x0 HMC5883L.o
 .data          0x00800200        0x0 I2Cdev.o
 .data          0x00800200        0x0 list.o
 .data          0x00800200        0x0 MPU6050.o
 .data          0x00800200        0x0 port.o
 .data          0x00800200        0x0 queue.o
 .data          0x00800200        0x0 tasks.o
 .data          0x00800200        0x0 Wire.o
 .data          0x00800200        0x0 c:/program files (x86)/atmel/atmel toolchain/avr8 gcc/native/3.4.1056/avr8-gnu-toolchain/bin/../lib/gcc/avr/4.8.1/../../../../avr/lib/avr6\libm.a(addsf3.o)
 .data          0x00800200        0x0 c:/program files (x86)/atmel/atmel toolchain/avr8 gcc/native/3.4.1056/avr8-gnu-toolchain/bin/../lib/gcc/avr/4.8.1/../../../../avr/lib/avr6\libm.a(addsf3x.o)
 .data          0x00800200        0x0 c:/program files (x86)/atmel/atmel toolchain/avr8 gcc/native/3.4.1056/avr8-gnu-toolchain/bin/../lib/gcc/avr/4.8.1/../../../../avr/lib/avr6\libm.a(atan2.o)
 .data          0x00800200        0x0 c:/program files (x86)/atmel/atmel toolchain/avr8 gcc/native/3.4.1056/avr8-gnu-toolchain/bin/../lib/gcc/avr/4.8.1/../../../../avr/lib/avr6\libm.a(atan.o)
 .data          0x00800200        0x0 c:/program files (x86)/atmel/atmel toolchain/avr8 gcc/native/3.4.1056/avr8-gnu-toolchain/bin/../lib/gcc/avr/4.8.1/../../../../avr/lib/avr6\libm.a(divsf3.o)
 .data          0x00800200        0x0 c:/program files (x86)/atmel/atmel toolchain/avr8 gcc/native/3.4.1056/avr8-gnu-toolchain/bin/../lib/gcc/avr/4.8.1/../../../../avr/lib/avr6\libm.a(divsf3x.o)
 .data          0x00800200        0x0 c:/program files (x86)/atmel/atmel toolchain/avr8 gcc/native/3.4.1056/avr8-gnu-toolchain/bin/../lib/gcc/avr/4.8.1/../../../../avr/lib/avr6\libm.a(fixsfsi.o)
 .data          0x00800200        0x0 c:/program files (x86)/atmel/atmel toolchain/avr8 gcc/native/3.4.1056/avr8-gnu-toolchain/bin/../lib/gcc/avr/4.8.1/../../../../avr/lib/avr6\libm.a(fixunssfsi.o)
 .data          0x00800200        0x0 c:/program files (x86)/atmel/atmel toolchain/avr8 gcc/native/3.4.1056/avr8-gnu-toolchain/bin/../lib/gcc/avr/4.8.1/../../../../avr/lib/avr6\libm.a(floatsisf.o)
 .data          0x00800200        0x0 c:/program files (x86)/atmel/atmel toolchain/avr8 gcc/native/3.4.1056/avr8-gnu-toolchain/bin/../lib/gcc/avr/4.8.1/../../../../avr/lib/avr6\libm.a(fp_inf.o)
 .data          0x00800200        0x0 c:/program files (x86)/atmel/atmel toolchain/avr8 gcc/native/3.4.1056/avr8-gnu-toolchain/bin/../lib/gcc/avr/4.8.1/../../../../avr/lib/avr6\libm.a(fp_nan.o)
 .data          0x00800200        0x0 c:/program files (x86)/atmel/atmel toolchain/avr8 gcc/native/3.4.1056/avr8-gnu-toolchain/bin/../lib/gcc/avr/4.8.1/../../../../avr/lib/avr6\libm.a(fp_powser.o)
 .data          0x00800200        0x0 c:/program files (x86)/atmel/atmel toolchain/avr8 gcc/native/3.4.1056/avr8-gnu-toolchain/bin/../lib/gcc/avr/4.8.1/../../../../avr/lib/avr6\libm.a(fp_pscA.o)
 .data          0x00800200        0x0 c:/program files (x86)/atmel/atmel toolchain/avr8 gcc/native/3.4.1056/avr8-gnu-toolchain/bin/../lib/gcc/avr/4.8.1/../../../../avr/lib/avr6\libm.a(fp_pscB.o)
 .data          0x00800200        0x0 c:/program files (x86)/atmel/atmel toolchain/avr8 gcc/native/3.4.1056/avr8-gnu-toolchain/bin/../lib/gcc/avr/4.8.1/../../../../avr/lib/avr6\libm.a(fp_round.o)
 .data          0x00800200        0x0 c:/program files (x86)/atmel/atmel toolchain/avr8 gcc/native/3.4.1056/avr8-gnu-toolchain/bin/../lib/gcc/avr/4.8.1/../../../../avr/lib/avr6\libm.a(fp_split3.o)
 .data          0x00800200        0x0 c:/program files (x86)/atmel/atmel toolchain/avr8 gcc/native/3.4.1056/avr8-gnu-toolchain/bin/../lib/gcc/avr/4.8.1/../../../../avr/lib/avr6\libm.a(fp_zero.o)
 .data          0x00800200        0x0 c:/program files (x86)/atmel/atmel toolchain/avr8 gcc/native/3.4.1056/avr8-gnu-toolchain/bin/../lib/gcc/avr/4.8.1/../../../../avr/lib/avr6\libm.a(inverse.o)
 .data          0x00800200        0x0 c:/program files (x86)/atmel/atmel toolchain/avr8 gcc/native/3.4.1056/avr8-gnu-toolchain/bin/../lib/gcc/avr/4.8.1/../../../../avr/lib/avr6\libm.a(mulsf3.o)
 .data          0x00800200        0x0 c:/program files (x86)/atmel/atmel toolchain/avr8 gcc/native/3.4.1056/avr8-gnu-toolchain/bin/../lib/gcc/avr/4.8.1/../../../../avr/lib/avr6\libm.a(mulsf3x.o)
 .data          0x00800200        0x0 c:/program files (x86)/atmel/atmel toolchain/avr8 gcc/native/3.4.1056/avr8-gnu-toolchain/bin/../lib/gcc/avr/4.8.1/../../../../avr/lib/avr6\libm.a(square.o)
 .data          0x00800200        0x0 ../../../../../../../../Lecture Notes/CG3002/firmware\libcppmegalib.a(HardwareSerial.o)
 .data          0x00800200        0x0 ../../../../../../../../Lecture Notes/CG3002/firmware\libcppmegalib.a(new.o)
 .data          0x00800200        0x0 ../../../../../../../../Lecture Notes/CG3002/firmware\libcppmegalib.a(Print.o)
 .data          0x00800200        0x0 ../../../../../../../../Lecture Notes/CG3002/firmware\libcppmegalib.a(wiring.o)
 .data          0x00800200        0x0 ../../../../../../../../Lecture Notes/CG3002/firmware\libcppmegalib.a(wiring_digital.o)
 .data          0x00800200        0x0 ../../../../../../../../Lecture Notes/CG3002/firmware\libcppmegalib.a(wiring_pulse.o)
 .data          0x00800200        0x0 ../../../../../../../../Lecture Notes/CG3002/firmware\libcppmegalib.a(WString.o)
 .data          0x00800200        0x0 ../../../I2C/I2C/Debug\libI2C.a(twi.o)
 .data          0x00800200        0x0 c:/program files (x86)/atmel/atmel toolchain/avr8 gcc/native/3.4.1056/avr8-gnu-toolchain/bin/../lib/gcc/avr/4.8.1/../../../../avr/lib/avr6\libm.a(cmpsf2.o)
 .data          0x00800200        0x0 c:/program files (x86)/atmel/atmel toolchain/avr8 gcc/native/3.4.1056/avr8-gnu-toolchain/bin/../lib/gcc/avr/4.8.1/../../../../avr/lib/avr6\libm.a(fp_cmp.o)
 .data          0x00800200        0x0 c:/program files (x86)/atmel/atmel toolchain/avr8 gcc/native/3.4.1056/avr8-gnu-toolchain/bin/../lib/gcc/avr/4.8.1/../../../../avr/lib/avr6\libm.a(gesf2.o)
 .data          0x00800200        0x0 c:/program files (x86)/atmel/atmel toolchain/avr8 gcc/native/3.4.1056/avr8-gnu-toolchain/bin/../lib/gcc/avr/4.8.1/../../../../avr/lib/avr6\libm.a(unordsf2.o)
 .data          0x00800200        0x0 c:/program files (x86)/atmel/atmel toolchain/avr8 gcc/native/3.4.1056/avr8-gnu-toolchain/bin/../lib/gcc/avr/4.8.1/avr6\libgcc.a(_udivmodsi4.o)
 .data          0x00800200        0x0 c:/program files (x86)/atmel/atmel toolchain/avr8 gcc/native/3.4.1056/avr8-gnu-toolchain/bin/../lib/gcc/avr/4.8.1/avr6\libgcc.a(_divmodsi4.o)
 .data          0x00800200        0x0 c:/program files (x86)/atmel/atmel toolchain/avr8 gcc/native/3.4.1056/avr8-gnu-toolchain/bin/../lib/gcc/avr/4.8.1/avr6\libgcc.a(_negsi2.o)
 .data          0x00800200        0x0 c:/program files (x86)/atmel/atmel toolchain/avr8 gcc/native/3.4.1056/avr8-gnu-toolchain/bin/../lib/gcc/avr/4.8.1/avr6\libgcc.a(_exit.o)
 .data          0x00800200        0x0 c:/program files (x86)/atmel/atmel toolchain/avr8 gcc/native/3.4.1056/avr8-gnu-toolchain/bin/../lib/gcc/avr/4.8.1/avr6\libgcc.a(_tablejump.o)
 .data          0x00800200        0x0 c:/program files (x86)/atmel/atmel toolchain/avr8 gcc/native/3.4.1056/avr8-gnu-toolchain/bin/../lib/gcc/avr/4.8.1/avr6\libgcc.a(_copy_data.o)
 .data          0x00800200        0x0 c:/program files (x86)/atmel/atmel toolchain/avr8 gcc/native/3.4.1056/avr8-gnu-toolchain/bin/../lib/gcc/avr/4.8.1/avr6\libgcc.a(_clear_bss.o)
 .data          0x00800200        0x0 c:/program files (x86)/atmel/atmel toolchain/avr8 gcc/native/3.4.1056/avr8-gnu-toolchain/bin/../lib/gcc/avr/4.8.1/avr6\libgcc.a(_ctors.o)
 .data          0x00800200        0x0 c:/program files (x86)/atmel/atmel toolchain/avr8 gcc/native/3.4.1056/avr8-gnu-toolchain/bin/../lib/gcc/avr/4.8.1/avr6\libgcc.a(_tablejump_elpm.o)
 .data          0x00800200        0x6 c:/program files (x86)/atmel/atmel toolchain/avr8 gcc/native/3.4.1056/avr8-gnu-toolchain/bin/../lib/gcc/avr/4.8.1/../../../../avr/lib/avr6\libc.a(malloc.o)
                0x00800200                __malloc_heap_end
                0x00800202                __malloc_heap_start
                0x00800204                __malloc_margin
 .data          0x00800206        0x0 c:/program files (x86)/atmel/atmel toolchain/avr8 gcc/native/3.4.1056/avr8-gnu-toolchain/bin/../lib/gcc/avr/4.8.1/../../../../avr/lib/avr6\libc.a(realloc.o)
 .data          0x00800206        0x0 c:/program files (x86)/atmel/atmel toolchain/avr8 gcc/native/3.4.1056/avr8-gnu-toolchain/bin/../lib/gcc/avr/4.8.1/../../../../avr/lib/avr6\libc.a(atol.o)
 .data          0x00800206        0x0 c:/program files (x86)/atmel/atmel toolchain/avr8 gcc/native/3.4.1056/avr8-gnu-toolchain/bin/../lib/gcc/avr/4.8.1/../../../../avr/lib/avr6\libc.a(isspace.o)
 .data          0x00800206        0x0 c:/program files (x86)/atmel/atmel toolchain/avr8 gcc/native/3.4.1056/avr8-gnu-toolchain/bin/../lib/gcc/avr/4.8.1/../../../../avr/lib/avr6\libc.a(tolower.o)
 .data          0x00800206        0x0 c:/program files (x86)/atmel/atmel toolchain/avr8 gcc/native/3.4.1056/avr8-gnu-toolchain/bin/../lib/gcc/avr/4.8.1/../../../../avr/lib/avr6\libc.a(toupper.o)
 .data          0x00800206        0x0 c:/program files (x86)/atmel/atmel toolchain/avr8 gcc/native/3.4.1056/avr8-gnu-toolchain/bin/../lib/gcc/avr/4.8.1/../../../../avr/lib/avr6\libc.a(memcmp.o)
 .data          0x00800206        0x0 c:/program files (x86)/atmel/atmel toolchain/avr8 gcc/native/3.4.1056/avr8-gnu-toolchain/bin/../lib/gcc/avr/4.8.1/../../../../avr/lib/avr6\libc.a(memcpy.o)
 .data          0x00800206        0x0 c:/program files (x86)/atmel/atmel toolchain/avr8 gcc/native/3.4.1056/avr8-gnu-toolchain/bin/../lib/gcc/avr/4.8.1/../../../../avr/lib/avr6\libc.a(memmove.o)
 .data          0x00800206        0x0 c:/program files (x86)/atmel/atmel toolchain/avr8 gcc/native/3.4.1056/avr8-gnu-toolchain/bin/../lib/gcc/avr/4.8.1/../../../../avr/lib/avr6\libc.a(strchr.o)
 .data          0x00800206        0x0 c:/program files (x86)/atmel/atmel toolchain/avr8 gcc/native/3.4.1056/avr8-gnu-toolchain/bin/../lib/gcc/avr/4.8.1/../../../../avr/lib/avr6\libc.a(strcmp.o)
 .data          0x00800206        0x0 c:/program files (x86)/atmel/atmel toolchain/avr8 gcc/native/3.4.1056/avr8-gnu-toolchain/bin/../lib/gcc/avr/4.8.1/../../../../avr/lib/avr6\libc.a(strcpy.o)
 .data          0x00800206        0x0 c:/program files (x86)/atmel/atmel toolchain/avr8 gcc/native/3.4.1056/avr8-gnu-toolchain/bin/../lib/gcc/avr/4.8.1/../../../../avr/lib/avr6\libc.a(strncmp.o)
 .data          0x00800206        0x0 c:/program files (x86)/atmel/atmel toolchain/avr8 gcc/native/3.4.1056/avr8-gnu-toolchain/bin/../lib/gcc/avr/4.8.1/../../../../avr/lib/avr6\libc.a(strncpy.o)
 .data          0x00800206        0x0 c:/program files (x86)/atmel/atmel toolchain/avr8 gcc/native/3.4.1056/avr8-gnu-toolchain/bin/../lib/gcc/avr/4.8.1/../../../../avr/lib/avr6\libc.a(strrchr.o)
 .data          0x00800206        0x0 c:/program files (x86)/atmel/atmel toolchain/avr8 gcc/native/3.4.1056/avr8-gnu-toolchain/bin/../lib/gcc/avr/4.8.1/../../../../avr/lib/avr6\libc.a(strstr.o)
 .data          0x00800206        0x0 c:/program files (x86)/atmel/atmel toolchain/avr8 gcc/native/3.4.1056/avr8-gnu-toolchain/bin/../lib/gcc/avr/4.8.1/../../../../avr/lib/avr6\libc.a(itoa.o)
 .data          0x00800206        0x0 c:/program files (x86)/atmel/atmel toolchain/avr8 gcc/native/3.4.1056/avr8-gnu-toolchain/bin/../lib/gcc/avr/4.8.1/../../../../avr/lib/avr6\libc.a(itoa_ncheck.o)
 .data          0x00800206        0x0 c:/program files (x86)/atmel/atmel toolchain/avr8 gcc/native/3.4.1056/avr8-gnu-toolchain/bin/../lib/gcc/avr/4.8.1/../../../../avr/lib/avr6\libc.a(ltoa.o)
 .data          0x00800206        0x0 c:/program files (x86)/atmel/atmel toolchain/avr8 gcc/native/3.4.1056/avr8-gnu-toolchain/bin/../lib/gcc/avr/4.8.1/../../../../avr/lib/avr6\libc.a(ltoa_ncheck.o)
 .data          0x00800206        0x0 c:/program files (x86)/atmel/atmel toolchain/avr8 gcc/native/3.4.1056/avr8-gnu-toolchain/bin/../lib/gcc/avr/4.8.1/../../../../avr/lib/avr6\libc.a(mulsi10.o)
 .data          0x00800206        0x0 c:/program files (x86)/atmel/atmel toolchain/avr8 gcc/native/3.4.1056/avr8-gnu-toolchain/bin/../lib/gcc/avr/4.8.1/../../../../avr/lib/avr6\libc.a(ultoa.o)
 .data          0x00800206        0x0 c:/program files (x86)/atmel/atmel toolchain/avr8 gcc/native/3.4.1056/avr8-gnu-toolchain/bin/../lib/gcc/avr/4.8.1/../../../../avr/lib/avr6\libc.a(ultoa_ncheck.o)
 .data          0x00800206        0x0 c:/program files (x86)/atmel/atmel toolchain/avr8 gcc/native/3.4.1056/avr8-gnu-toolchain/bin/../lib/gcc/avr/4.8.1/../../../../avr/lib/avr6\libc.a(utoa.o)
 .data          0x00800206        0x0 c:/program files (x86)/atmel/atmel toolchain/avr8 gcc/native/3.4.1056/avr8-gnu-toolchain/bin/../lib/gcc/avr/4.8.1/../../../../avr/lib/avr6\libc.a(utoa_ncheck.o)
 .data          0x00800206        0x0 c:/program files (x86)/atmel/atmel toolchain/avr8 gcc/native/3.4.1056/avr8-gnu-toolchain/bin/../lib/gcc/avr/4.8.1/../../../../avr/lib/avr6\libc.a(cty_isfalse.o)
 .data          0x00800206        0x0 c:/program files (x86)/atmel/atmel toolchain/avr8 gcc/native/3.4.1056/avr8-gnu-toolchain/bin/../lib/gcc/avr/4.8.1/../../../../avr/lib/avr6\libc.a(strrev.o)
 *(.data*)
 .data._ZN6I2Cdev11readTimeoutE
                0x00800206        0x2 I2Cdev.o
                0x00800206                _ZN6I2Cdev11readTimeoutE
 .data.xNextTaskUnblockTime
                0x00800208        0x2 tasks.o
 *(.rodata)
 *(.rodata*)
 .rodata.str1.1
                0x0080020a       0xfb FreeRTOS2560.o
                                 0xfd (size before relaxing)
 .rodata.str1.1
                0x00800305        0x5 tasks.o
 .rodata._ZTV7TwoWire
                0x0080030a       0x10 Wire.o
                0x0080030a                _ZTV7TwoWire
 .rodata._ZTV14HardwareSerial
                0x0080031a       0x10 ../../../../../../../../Lecture Notes/CG3002/firmware\libcppmegalib.a(HardwareSerial.o)
                0x0080031a                _ZTV14HardwareSerial
 *(.gnu.linkonce.d*)
                0x0080032a                . = ALIGN (0x2)
                0x0080032a                _edata = .
                0x0080032a                PROVIDE (__data_end, .)

.bss            0x0080032a      0x9cd
                0x0080032a                PROVIDE (__bss_start, .)
 *(.bss)
 *(.bss*)
 .bss.gz        0x0080032a        0x2 FreeRTOS2560.o
                0x0080032a                gz
 .bss.gy        0x0080032c        0x2 FreeRTOS2560.o
                0x0080032c                gy
 .bss.gx        0x0080032e        0x2 FreeRTOS2560.o
                0x0080032e                gx
 .bss.az        0x00800330        0x2 FreeRTOS2560.o
                0x00800330                az
 .bss.ay        0x00800332        0x2 FreeRTOS2560.o
                0x00800332                ay
 .bss.ax        0x00800334        0x2 FreeRTOS2560.o
                0x00800334                ax
 .bss.mag       0x00800336        0x8 FreeRTOS2560.o
                0x00800336                mag
 .bss.accelgyro
                0x0080033e        0xf FreeRTOS2560.o
                0x0080033e                accelgyro
 .bss.pucAlignedHeap.1837
                0x0080034d        0x2 heap_1.o
 .bss.xNextFreeByte
                0x0080034f        0x2 heap_1.o
 .bss.ucHeap    0x00800351      0x5dc heap_1.o
 .bss.uxSchedulerSuspended
                0x0080092d        0x1 tasks.o
 .bss.uxTaskNumber
                0x0080092e        0x1 tasks.o
 .bss.xNumOfOverflows
                0x0080092f        0x1 tasks.o
 .bss.xYieldPending
                0x00800930        0x1 tasks.o
 .bss.uxPendedTicks
                0x00800931        0x1 tasks.o
 .bss.xSchedulerRunning
                0x00800932        0x1 tasks.o
 .bss.uxTopReadyPriority
                0x00800933        0x1 tasks.o
 .bss.xTickCount
                0x00800934        0x2 tasks.o
 .bss.uxCurrentNumberOfTasks
                0x00800936        0x1 tasks.o
 .bss.uxTasksDeleted
                0x00800937        0x1 tasks.o
 .bss.xTasksWaitingTermination
                0x00800938        0x9 tasks.o
 .bss.xPendingReadyList
                0x00800941        0x9 tasks.o
 .bss.pxOverflowDelayedTaskList
                0x0080094a        0x2 tasks.o
 .bss.pxDelayedTaskList
                0x0080094c        0x2 tasks.o
 .bss.xDelayedTaskList2
                0x0080094e        0x9 tasks.o
 .bss.xDelayedTaskList1
                0x00800957        0x9 tasks.o
 .bss.pxReadyTasksLists
                0x00800960       0x24 tasks.o
 .bss.pxCurrentTCB
                0x00800984        0x2 tasks.o
                0x00800984                pxCurrentTCB
 .bss.Wire      0x00800986        0xc Wire.o
                0x00800986                Wire
 .bss._ZN7TwoWire12transmittingE
                0x00800992        0x1 Wire.o
                0x00800992                _ZN7TwoWire12transmittingE
 .bss._ZN7TwoWire14txBufferLengthE
                0x00800993        0x1 Wire.o
                0x00800993                _ZN7TwoWire14txBufferLengthE
 .bss._ZN7TwoWire13txBufferIndexE
                0x00800994        0x1 Wire.o
                0x00800994                _ZN7TwoWire13txBufferIndexE
 .bss._ZN7TwoWire8txBufferE
                0x00800995       0x20 Wire.o
                0x00800995                _ZN7TwoWire8txBufferE
 .bss._ZN7TwoWire9txAddressE
                0x008009b5        0x1 Wire.o
                0x008009b5                _ZN7TwoWire9txAddressE
 .bss._ZN7TwoWire14rxBufferLengthE
                0x008009b6        0x1 Wire.o
                0x008009b6                _ZN7TwoWire14rxBufferLengthE
 .bss._ZN7TwoWire13rxBufferIndexE
                0x008009b7        0x1 Wire.o
                0x008009b7                _ZN7TwoWire13rxBufferIndexE
 .bss._ZN7TwoWire8rxBufferE
                0x008009b8       0x20 Wire.o
                0x008009b8                _ZN7TwoWire8rxBufferE
 .bss.Serial3   0x008009d8       0x22 ../../../../../../../../Lecture Notes/CG3002/firmware\libcppmegalib.a(HardwareSerial.o)
                0x008009d8                Serial3
 .bss.Serial2   0x008009fa       0x22 ../../../../../../../../Lecture Notes/CG3002/firmware\libcppmegalib.a(HardwareSerial.o)
                0x008009fa                Serial2
 .bss.Serial1   0x00800a1c       0x22 ../../../../../../../../Lecture Notes/CG3002/firmware\libcppmegalib.a(HardwareSerial.o)
                0x00800a1c                Serial1
 .bss.Serial    0x00800a3e       0x22 ../../../../../../../../Lecture Notes/CG3002/firmware\libcppmegalib.a(HardwareSerial.o)
                0x00800a3e                Serial
 .bss.tx_buffer3
                0x00800a60       0x44 ../../../../../../../../Lecture Notes/CG3002/firmware\libcppmegalib.a(HardwareSerial.o)
                0x00800a60                tx_buffer3
 .bss.rx_buffer3
                0x00800aa4       0x44 ../../../../../../../../Lecture Notes/CG3002/firmware\libcppmegalib.a(HardwareSerial.o)
                0x00800aa4                rx_buffer3
 .bss.tx_buffer2
                0x00800ae8       0x44 ../../../../../../../../Lecture Notes/CG3002/firmware\libcppmegalib.a(HardwareSerial.o)
                0x00800ae8                tx_buffer2
 .bss.rx_buffer2
                0x00800b2c       0x44 ../../../../../../../../Lecture Notes/CG3002/firmware\libcppmegalib.a(HardwareSerial.o)
                0x00800b2c                rx_buffer2
 .bss.tx_buffer1
                0x00800b70       0x44 ../../../../../../../../Lecture Notes/CG3002/firmware\libcppmegalib.a(HardwareSerial.o)
                0x00800b70                tx_buffer1
 .bss.rx_buffer1
                0x00800bb4       0x44 ../../../../../../../../Lecture Notes/CG3002/firmware\libcppmegalib.a(HardwareSerial.o)
                0x00800bb4                rx_buffer1
 .bss.tx_buffer
                0x00800bf8       0x44 ../../../../../../../../Lecture Notes/CG3002/firmware\libcppmegalib.a(HardwareSerial.o)
                0x00800bf8                tx_buffer
 .bss.rx_buffer
                0x00800c3c       0x44 ../../../../../../../../Lecture Notes/CG3002/firmware\libcppmegalib.a(HardwareSerial.o)
                0x00800c3c                rx_buffer
 .bss.timer0_millis
                0x00800c80        0x4 ../../../../../../../../Lecture Notes/CG3002/firmware\libcppmegalib.a(wiring.o)
                0x00800c80                timer0_millis
 .bss.timer0_overflow_count
                0x00800c84        0x4 ../../../../../../../../Lecture Notes/CG3002/firmware\libcppmegalib.a(wiring.o)
                0x00800c84                timer0_overflow_count
 .bss.timer0_fract
                0x00800c88        0x1 ../../../../../../../../Lecture Notes/CG3002/firmware\libcppmegalib.a(wiring.o)
 .bss.twi_error
                0x00800c89        0x1 ../../../I2C/I2C/Debug\libI2C.a(twi.o)
 .bss.twi_rxBufferIndex
                0x00800c8a        0x1 ../../../I2C/I2C/Debug\libI2C.a(twi.o)
 .bss.twi_rxBuffer
                0x00800c8b       0x20 ../../../I2C/I2C/Debug\libI2C.a(twi.o)
 .bss.twi_txBufferLength
                0x00800cab        0x1 ../../../I2C/I2C/Debug\libI2C.a(twi.o)
 .bss.twi_txBufferIndex
                0x00800cac        0x1 ../../../I2C/I2C/Debug\libI2C.a(twi.o)
 .bss.twi_txBuffer
                0x00800cad       0x20 ../../../I2C/I2C/Debug\libI2C.a(twi.o)
 .bss.twi_masterBufferLength
                0x00800ccd        0x1 ../../../I2C/I2C/Debug\libI2C.a(twi.o)
 .bss.twi_masterBufferIndex
                0x00800cce        0x1 ../../../I2C/I2C/Debug\libI2C.a(twi.o)
 .bss.twi_masterBuffer
                0x00800ccf       0x20 ../../../I2C/I2C/Debug\libI2C.a(twi.o)
 .bss.twi_onSlaveReceive
                0x00800cef        0x2 ../../../I2C/I2C/Debug\libI2C.a(twi.o)
 .bss.twi_onSlaveTransmit
                0x00800cf1        0x2 ../../../I2C/I2C/Debug\libI2C.a(twi.o)
 .bss.twi_inRepStart
                0x00800cf3        0x1 ../../../I2C/I2C/Debug\libI2C.a(twi.o)
 .bss.twi_sendStop
                0x00800cf4        0x1 ../../../I2C/I2C/Debug\libI2C.a(twi.o)
 .bss.twi_slarw
                0x00800cf5        0x1 ../../../I2C/I2C/Debug\libI2C.a(twi.o)
 .bss.twi_state
                0x00800cf6        0x1 ../../../I2C/I2C/Debug\libI2C.a(twi.o)
 *(COMMON)
                0x00800cf7                PROVIDE (__bss_end, .)
                0x0000317c                __data_load_start = LOADADDR (.data)
                0x000032a6                __data_load_end = (__data_load_start + SIZEOF (.data))

.noinit         0x00800cf7        0x0
                0x00800cf7                PROVIDE (__noinit_start, .)
 *(.noinit*)
                0x00800cf7                PROVIDE (__noinit_end, .)
                0x00800cf7                _end = .
                0x00800cf7                PROVIDE (__heap_start, .)

.eeprom         0x00810000        0x0
 *(.eeprom*)
                0x00810000                __eeprom_end = .

.fuse
 *(.fuse)
 *(.lfuse)
 *(.hfuse)
 *(.efuse)

.lock
 *(.lock*)

.signature
 *(.signature*)

.user_signatures
 *(.user_signatures*)

.stab
 *(.stab)

.stabstr
 *(.stabstr)

.stab.excl
 *(.stab.excl)

.stab.exclstr
 *(.stab.exclstr)

.stab.index
 *(.stab.index)

.stab.indexstr
 *(.stab.indexstr)

.comment        0x00000000       0x5f
 *(.comment)
 .comment       0x00000000       0x30 FreeRTOS2560.o
                                 0x31 (size before relaxing)
 .comment       0x00000000       0x31 heap_1.o
 .comment       0x00000000       0x31 HMC5883L.o
 .comment       0x00000000       0x31 I2Cdev.o
 .comment       0x00000000       0x31 list.o
 .comment       0x00000000       0x31 MPU6050.o
 .comment       0x00000000       0x31 port.o
 .comment       0x00000000       0x31 queue.o
 .comment       0x00000000       0x31 tasks.o
 .comment       0x00000000       0x31 Wire.o
 .comment       0x00000030       0x2f ../../../../../../../../Lecture Notes/CG3002/firmware\libcppmegalib.a(HardwareSerial.o)
                                 0x30 (size before relaxing)
 .comment       0x00000000       0x30 ../../../../../../../../Lecture Notes/CG3002/firmware\libcppmegalib.a(new.o)
 .comment       0x00000000       0x30 ../../../../../../../../Lecture Notes/CG3002/firmware\libcppmegalib.a(Print.o)
 .comment       0x00000000       0x30 ../../../../../../../../Lecture Notes/CG3002/firmware\libcppmegalib.a(wiring.o)
 .comment       0x00000000       0x30 ../../../../../../../../Lecture Notes/CG3002/firmware\libcppmegalib.a(wiring_digital.o)
 .comment       0x00000000       0x30 ../../../../../../../../Lecture Notes/CG3002/firmware\libcppmegalib.a(wiring_pulse.o)
 .comment       0x00000000       0x30 ../../../../../../../../Lecture Notes/CG3002/firmware\libcppmegalib.a(WString.o)
 .comment       0x00000000       0x31 ../../../I2C/I2C/Debug\libI2C.a(twi.o)
 .comment       0x00000000       0x31 c:/program files (x86)/atmel/atmel toolchain/avr8 gcc/native/3.4.1056/avr8-gnu-toolchain/bin/../lib/gcc/avr/4.8.1/../../../../avr/lib/avr6\libc.a(malloc.o)
 .comment       0x00000000       0x31 c:/program files (x86)/atmel/atmel toolchain/avr8 gcc/native/3.4.1056/avr8-gnu-toolchain/bin/../lib/gcc/avr/4.8.1/../../../../avr/lib/avr6\libc.a(realloc.o)

.note.gnu.build-id
 *(.note.gnu.build-id)

.debug
 *(.debug)

.line
 *(.line)

.debug_srcinfo
 *(.debug_srcinfo)

.debug_sfnames
 *(.debug_sfnames)

.debug_aranges  0x00000000     0x1248
 *(.debug_aranges)
 .debug_aranges
                0x00000000       0x58 FreeRTOS2560.o
 .debug_aranges
                0x00000058       0x38 heap_1.o
 .debug_aranges
                0x00000090       0xd0 HMC5883L.o
 .debug_aranges
                0x00000160       0xa0 I2Cdev.o
 .debug_aranges
                0x00000200       0x40 list.o
 .debug_aranges
                0x00000240      0x840 MPU6050.o
 .debug_aranges
                0x00000a80       0x48 port.o
 .debug_aranges
                0x00000ac8       0x98 queue.o
 .debug_aranges
                0x00000b60       0xd8 tasks.o
 .debug_aranges
                0x00000c38       0xd0 Wire.o
 .debug_aranges
                0x00000d08       0xd8 ../../../../../../../../Lecture Notes/CG3002/firmware\libcppmegalib.a(HardwareSerial.o)
 .debug_aranges
                0x00000de0       0x58 ../../../../../../../../Lecture Notes/CG3002/firmware\libcppmegalib.a(new.o)
 .debug_aranges
                0x00000e38       0xe8 ../../../../../../../../Lecture Notes/CG3002/firmware\libcppmegalib.a(Print.o)
 .debug_aranges
                0x00000f20       0x48 ../../../../../../../../Lecture Notes/CG3002/firmware\libcppmegalib.a(wiring.o)
 .debug_aranges
                0x00000f68       0x38 ../../../../../../../../Lecture Notes/CG3002/firmware\libcppmegalib.a(wiring_digital.o)
 .debug_aranges
                0x00000fa0       0x20 ../../../../../../../../Lecture Notes/CG3002/firmware\libcppmegalib.a(wiring_pulse.o)
 .debug_aranges
                0x00000fc0      0x218 ../../../../../../../../Lecture Notes/CG3002/firmware\libcppmegalib.a(WString.o)
 .debug_aranges
                0x000011d8       0x70 ../../../I2C/I2C/Debug\libI2C.a(twi.o)

.debug_pubnames
 *(.debug_pubnames)

.debug_info     0x00000000    0x1b182
 *(.debug_info .gnu.linkonce.wi.*)
 .debug_info    0x00000000     0x35f8 FreeRTOS2560.o
 .debug_info    0x000035f8      0x1ad heap_1.o
 .debug_info    0x000037a5      0xf27 HMC5883L.o
 .debug_info    0x000046cc     0x1276 I2Cdev.o
 .debug_info    0x00005942      0x2c6 list.o
 .debug_info    0x00005c08     0x888c MPU6050.o
 .debug_info    0x0000e494      0x20d port.o
 .debug_info    0x0000e6a1      0xf15 queue.o
 .debug_info    0x0000f5b6     0x137b tasks.o
 .debug_info    0x00010931     0x2011 Wire.o
 .debug_info    0x00012942     0x1f91 ../../../../../../../../Lecture Notes/CG3002/firmware\libcppmegalib.a(HardwareSerial.o)
 .debug_info    0x000148d3      0x230 ../../../../../../../../Lecture Notes/CG3002/firmware\libcppmegalib.a(new.o)
 .debug_info    0x00014b03     0x228b ../../../../../../../../Lecture Notes/CG3002/firmware\libcppmegalib.a(Print.o)
 .debug_info    0x00016d8e      0x308 ../../../../../../../../Lecture Notes/CG3002/firmware\libcppmegalib.a(wiring.o)
 .debug_info    0x00017096      0x62a ../../../../../../../../Lecture Notes/CG3002/firmware\libcppmegalib.a(wiring_digital.o)
 .debug_info    0x000176c0      0x33b ../../../../../../../../Lecture Notes/CG3002/firmware\libcppmegalib.a(wiring_pulse.o)
 .debug_info    0x000179fb     0x307c ../../../../../../../../Lecture Notes/CG3002/firmware\libcppmegalib.a(WString.o)
 .debug_info    0x0001aa77      0x70b ../../../I2C/I2C/Debug\libI2C.a(twi.o)

.debug_abbrev   0x00000000     0x2e0e
 *(.debug_abbrev)
 .debug_abbrev  0x00000000      0x40c FreeRTOS2560.o
 .debug_abbrev  0x0000040c      0x12e heap_1.o
 .debug_abbrev  0x0000053a      0x221 HMC5883L.o
 .debug_abbrev  0x0000075b      0x2d7 I2Cdev.o
 .debug_abbrev  0x00000a32       0xf8 list.o
 .debug_abbrev  0x00000b2a      0x2f2 MPU6050.o
 .debug_abbrev  0x00000e1c      0x13d port.o
 .debug_abbrev  0x00000f59      0x2a5 queue.o
 .debug_abbrev  0x000011fe      0x304 tasks.o
 .debug_abbrev  0x00001502      0x4e7 Wire.o
 .debug_abbrev  0x000019e9      0x543 ../../../../../../../../Lecture Notes/CG3002/firmware\libcppmegalib.a(HardwareSerial.o)
 .debug_abbrev  0x00001f2c      0x13f ../../../../../../../../Lecture Notes/CG3002/firmware\libcppmegalib.a(new.o)
 .debug_abbrev  0x0000206b      0x38b ../../../../../../../../Lecture Notes/CG3002/firmware\libcppmegalib.a(Print.o)
 .debug_abbrev  0x000023f6      0x125 ../../../../../../../../Lecture Notes/CG3002/firmware\libcppmegalib.a(wiring.o)
 .debug_abbrev  0x0000251b      0x167 ../../../../../../../../Lecture Notes/CG3002/firmware\libcppmegalib.a(wiring_digital.o)
 .debug_abbrev  0x00002682       0xfd ../../../../../../../../Lecture Notes/CG3002/firmware\libcppmegalib.a(wiring_pulse.o)
 .debug_abbrev  0x0000277f      0x43e ../../../../../../../../Lecture Notes/CG3002/firmware\libcppmegalib.a(WString.o)
 .debug_abbrev  0x00002bbd      0x251 ../../../I2C/I2C/Debug\libI2C.a(twi.o)

.debug_line     0x00000000     0x7fa0
 *(.debug_line .debug_line.* .debug_line_end)
 .debug_line    0x00000000      0x5b3 FreeRTOS2560.o
 .debug_line    0x000005b3      0x28b heap_1.o
 .debug_line    0x0000083e      0x3e8 HMC5883L.o
 .debug_line    0x00000c26      0x66a I2Cdev.o
 .debug_line    0x00001290      0x29f list.o
 .debug_line    0x0000152f     0x22bd MPU6050.o
 .debug_line    0x000037ec      0x360 port.o
 .debug_line    0x00003b4c      0x85f queue.o
 .debug_line    0x000043ab      0xa3f tasks.o
 .debug_line    0x00004dea      0x514 Wire.o
 .debug_line    0x000052fe      0x75e ../../../../../../../../Lecture Notes/CG3002/firmware\libcppmegalib.a(HardwareSerial.o)
 .debug_line    0x00005a5c      0x252 ../../../../../../../../Lecture Notes/CG3002/firmware\libcppmegalib.a(new.o)
 .debug_line    0x00005cae      0x707 ../../../../../../../../Lecture Notes/CG3002/firmware\libcppmegalib.a(Print.o)
 .debug_line    0x000063b5      0x2be ../../../../../../../../Lecture Notes/CG3002/firmware\libcppmegalib.a(wiring.o)
 .debug_line    0x00006673      0x29a ../../../../../../../../Lecture Notes/CG3002/firmware\libcppmegalib.a(wiring_digital.o)
 .debug_line    0x0000690d      0x198 ../../../../../../../../Lecture Notes/CG3002/firmware\libcppmegalib.a(wiring_pulse.o)
 .debug_line    0x00006aa5      0xf85 ../../../../../../../../Lecture Notes/CG3002/firmware\libcppmegalib.a(WString.o)
 .debug_line    0x00007a2a      0x576 ../../../I2C/I2C/Debug\libI2C.a(twi.o)

.debug_frame    0x00000000     0x4190
 *(.debug_frame)
 .debug_frame   0x00000000       0xec FreeRTOS2560.o
 .debug_frame   0x000000ec       0x60 heap_1.o
 .debug_frame   0x0000014c      0x328 HMC5883L.o
 .debug_frame   0x00000474      0x3c4 I2Cdev.o
 .debug_frame   0x00000838       0x88 list.o
 .debug_frame   0x000008c0     0x1de8 MPU6050.o
 .debug_frame   0x000026a8       0x74 port.o
 .debug_frame   0x0000271c      0x220 queue.o
 .debug_frame   0x0000293c      0x2d4 tasks.o
 .debug_frame   0x00002c10      0x1d0 Wire.o
 .debug_frame   0x00002de0      0x460 ../../../../../../../../Lecture Notes/CG3002/firmware\libcppmegalib.a(HardwareSerial.o)
 .debug_frame   0x00003240       0x94 ../../../../../../../../Lecture Notes/CG3002/firmware\libcppmegalib.a(new.o)
 .debug_frame   0x000032d4      0x3ec ../../../../../../../../Lecture Notes/CG3002/firmware\libcppmegalib.a(Print.o)
 .debug_frame   0x000036c0       0xd4 ../../../../../../../../Lecture Notes/CG3002/firmware\libcppmegalib.a(wiring.o)
 .debug_frame   0x00003794       0x7c ../../../../../../../../Lecture Notes/CG3002/firmware\libcppmegalib.a(wiring_digital.o)
 .debug_frame   0x00003810       0x74 ../../../../../../../../Lecture Notes/CG3002/firmware\libcppmegalib.a(wiring_pulse.o)
 .debug_frame   0x00003884      0x7f8 ../../../../../../../../Lecture Notes/CG3002/firmware\libcppmegalib.a(WString.o)
 .debug_frame   0x0000407c      0x114 ../../../I2C/I2C/Debug\libI2C.a(twi.o)

.debug_str      0x00000000     0x6bd6
 *(.debug_str)
 .debug_str     0x00000000     0x3f0d FreeRTOS2560.o
                               0x3f8d (size before relaxing)
 .debug_str     0x00003f0d      0x145 heap_1.o
                                0x228 (size before relaxing)
 .debug_str     0x00004052      0x2bd HMC5883L.o
                                0x7d1 (size before relaxing)
 .debug_str     0x0000430f      0x140 I2Cdev.o
                                0x594 (size before relaxing)
 .debug_str     0x0000444f      0x129 list.o
                                0x2a3 (size before relaxing)
 .debug_str     0x00004578      0x139 MPU6050.o
                               0x3cda (size before relaxing)
 .debug_str     0x000046b1       0xda port.o
                                0x279 (size before relaxing)
 .debug_str     0x0000478b      0x3d0 queue.o
                                0x682 (size before relaxing)
 .debug_str     0x00004b5b      0x47c tasks.o
                                0x93d (size before relaxing)
 .debug_str     0x00004fd7      0xef2 Wire.o
                               0x12cf (size before relaxing)
 .debug_str     0x00005ec9      0x43d ../../../../../../../../Lecture Notes/CG3002/firmware\libcppmegalib.a(HardwareSerial.o)
                                0xfbe (size before relaxing)
 .debug_str     0x00006306       0xbc ../../../../../../../../Lecture Notes/CG3002/firmware\libcppmegalib.a(new.o)
                                0x145 (size before relaxing)
 .debug_str     0x000063c2      0x2d5 ../../../../../../../../Lecture Notes/CG3002/firmware\libcppmegalib.a(Print.o)
                                0xc38 (size before relaxing)
 .debug_str     0x00006697       0x6c ../../../../../../../../Lecture Notes/CG3002/firmware\libcppmegalib.a(wiring.o)
                                0x162 (size before relaxing)
 .debug_str     0x00006703       0xbb ../../../../../../../../Lecture Notes/CG3002/firmware\libcppmegalib.a(wiring_digital.o)
                                0x1d6 (size before relaxing)
 .debug_str     0x000067be       0x30 ../../../../../../../../Lecture Notes/CG3002/firmware\libcppmegalib.a(wiring_pulse.o)
                                0x187 (size before relaxing)
 .debug_str     0x000067ee      0x281 ../../../../../../../../Lecture Notes/CG3002/firmware\libcppmegalib.a(WString.o)
                                0xaee (size before relaxing)
 .debug_str     0x00006a6f      0x167 ../../../I2C/I2C/Debug\libI2C.a(twi.o)
                                0x32e (size before relaxing)

.debug_loc      0x00000000    0x14fb9
 *(.debug_loc)
 .debug_loc     0x00000000      0x181 FreeRTOS2560.o
 .debug_loc     0x00000181       0xf1 heap_1.o
 .debug_loc     0x00000272      0xbcf HMC5883L.o
 .debug_loc     0x00000e41     0x162e I2Cdev.o
 .debug_loc     0x0000246f      0x155 list.o
 .debug_loc     0x000025c4     0x8cb2 MPU6050.o
 .debug_loc     0x0000b276      0x29b port.o
 .debug_loc     0x0000b511      0xfbb queue.o
 .debug_loc     0x0000c4cc     0x1012 tasks.o
 .debug_loc     0x0000d4de      0x8a8 Wire.o
 .debug_loc     0x0000dd86      0xe00 ../../../../../../../../Lecture Notes/CG3002/firmware\libcppmegalib.a(HardwareSerial.o)
 .debug_loc     0x0000eb86       0xc0 ../../../../../../../../Lecture Notes/CG3002/firmware\libcppmegalib.a(new.o)
 .debug_loc     0x0000ec46     0x1c27 ../../../../../../../../Lecture Notes/CG3002/firmware\libcppmegalib.a(Print.o)
 .debug_loc     0x0001086d      0x307 ../../../../../../../../Lecture Notes/CG3002/firmware\libcppmegalib.a(wiring.o)
 .debug_loc     0x00010b74      0x712 ../../../../../../../../Lecture Notes/CG3002/firmware\libcppmegalib.a(wiring_digital.o)
 .debug_loc     0x00011286      0x473 ../../../../../../../../Lecture Notes/CG3002/firmware\libcppmegalib.a(wiring_pulse.o)
 .debug_loc     0x000116f9     0x331d ../../../../../../../../Lecture Notes/CG3002/firmware\libcppmegalib.a(WString.o)
 .debug_loc     0x00014a16      0x5a3 ../../../I2C/I2C/Debug\libI2C.a(twi.o)

.debug_macinfo
 *(.debug_macinfo)

.debug_weaknames
 *(.debug_weaknames)

.debug_funcnames
 *(.debug_funcnames)

.debug_typenames
 *(.debug_typenames)

.debug_varnames
 *(.debug_varnames)

.debug_pubtypes
 *(.debug_pubtypes)

.debug_ranges   0x00000000     0x1310
 *(.debug_ranges)
 .debug_ranges  0x00000000       0x60 FreeRTOS2560.o
 .debug_ranges  0x00000060       0x28 heap_1.o
 .debug_ranges  0x00000088       0xc0 HMC5883L.o
 .debug_ranges  0x00000148      0x100 I2Cdev.o
 .debug_ranges  0x00000248       0x30 list.o
 .debug_ranges  0x00000278      0x830 MPU6050.o
 .debug_ranges  0x00000aa8       0x38 port.o
 .debug_ranges  0x00000ae0       0x88 queue.o
 .debug_ranges  0x00000b68      0x138 tasks.o
 .debug_ranges  0x00000ca0       0xc0 Wire.o
 .debug_ranges  0x00000d60      0x128 ../../../../../../../../Lecture Notes/CG3002/firmware\libcppmegalib.a(HardwareSerial.o)
 .debug_ranges  0x00000e88       0x48 ../../../../../../../../Lecture Notes/CG3002/firmware\libcppmegalib.a(new.o)
 .debug_ranges  0x00000ed0       0xf0 ../../../../../../../../Lecture Notes/CG3002/firmware\libcppmegalib.a(Print.o)
 .debug_ranges  0x00000fc0       0x38 ../../../../../../../../Lecture Notes/CG3002/firmware\libcppmegalib.a(wiring.o)
 .debug_ranges  0x00000ff8       0x28 ../../../../../../../../Lecture Notes/CG3002/firmware\libcppmegalib.a(wiring_digital.o)
 .debug_ranges  0x00001020       0x40 ../../../../../../../../Lecture Notes/CG3002/firmware\libcppmegalib.a(wiring_pulse.o)
 .debug_ranges  0x00001060      0x250 ../../../../../../../../Lecture Notes/CG3002/firmware\libcppmegalib.a(WString.o)
 .debug_ranges  0x000012b0       0x60 ../../../I2C/I2C/Debug\libI2C.a(twi.o)

.debug_macro
 *(.debug_macro)
OUTPUT(FreeRTOS2560.elf elf32-avr)
LOAD linker stubs
